// Jest Snapshot v1, https://goo.gl/fbAQLP

exports[`<App /> calls renders without crashing 1`] = `
<Loader>
  <div
    className="loader_bg"
  >
    <div
      className="loader"
    >
      <div
        className="loader__figure"
      />
      <p
        className="loader__label"
      >
        Loading...
      </p>
    </div>
  </div>
</Loader>
`;

exports[`<App /> renders unique routes 1`] = `<Loader />`;
